// Jest Snapshot v1, https://goo.gl/fbAQLP

exports[`updatePublicPath should set public path when __resourceQuery is http://0.0.0.0 1`] = `"http://localhost/"`;

exports[`updatePublicPath should set public path when __resourceQuery is http://0.0.0.0:9000?publicPath=%2Fdist%2F 1`] = `"http://localhost:9000/dist/"`;

exports[`updatePublicPath should set public path when __resourceQuery is http://0.0.0.0:9000?publicPath=%2Flong%2Fdist%2Fpath%2F 1`] = `"http://localhost:9000/long/dist/path/"`;

exports[`updatePublicPath should set public path when __resourceQuery is http://0.0.0.0:9000?publicPath=http%3A%2F%2Fmy.host%3A8888%2Fdist%2F 1`] = `"http://my.host:8888/dist/"`;

exports[`updatePublicPath should set public path when __resourceQuery is http://0.0.0.0:9000?sockHost=my.host 1`] = `"http://localhost:9000/"`;

exports[`updatePublicPath should set public path when __resourceQuery is http://0.0.0.0:9000?sockPath=%2Fpath%2Fto%2Fsockjs-node 1`] = `"http://localhost:9000/"`;

exports[`updatePublicPath should set public path when __resourceQuery is http://0.0.0.0:9000?sockPath=%2Fpath%2Fto%2Fsockjs-node&sockHost=my.host&sockPort=8888 1`] = `"http://localhost:9000/"`;

exports[`updatePublicPath should set public path when __resourceQuery is http://0.0.0.0:9000?sockPath=%2Fpath%2Fto%2Fsockjs-node&sockHost=my.host&sockPort=8888&publicPath=http%3A%2F%2Fmy.host%3A8888%2Fdist%2F 1`] = `"http://my.host:8888/dist/"`;

exports[`updatePublicPath should set public path when __resourceQuery is http://0.0.0.0:9000?sockPort=8888 1`] = `"http://localhost:9000/"`;

exports[`updatePublicPath should set public path when __resourceQuery is http://user:pass@[::]:8080 1`] = `"http://user:pass@localhost:8080/"`;

exports[`updatePublicPath should set public path when __resourceQuery is http://user:pass@[::]:8080?sockPath=%2Fpath%2Fto%2Fsockjs-node&sockHost=my.host&sockPort=8888 1`] = `"http://user:pass@localhost:8080/"`;

exports[`updatePublicPath should set public path when __resourceQuery is http://user:pass@[::]:8080?sockPath=%2Fpath%2Fto%2Fsockjs-node&sockPort=8888 1`] = `"http://user:pass@localhost:8080/"`;

exports[`updatePublicPath should set public path when __resourceQuery is http://user:password@localhost/ 1`] = `"http://user:password@localhost/"`;

exports[`updatePublicPath should set public path when __resourceQuery is https://example.com 1`] = `"https://example.com/"`;

exports[`updatePublicPath should set public path when __resourceQuery is https://example.com/path 1`] = `"https://example.com/"`;

exports[`updatePublicPath should set public path when __resourceQuery is https://example.com/path/foo.js 1`] = `"https://example.com/"`;

exports[`updatePublicPath should set public path when __resourceQuery is https://localhost:123 1`] = `"https://localhost:123/"`;

exports[`updatePublicPath should set public path when __resourceQuery is test 1`] = `"/"`;

exports[`updatePublicPath should set public path when the current script source is http://0.0.0.0 1`] = `"http://localhost/"`;

exports[`updatePublicPath should set public path when the current script source is http://0.0.0.0:9000?publicPath=%2Fdist%2F 1`] = `"http://localhost:9000/dist/"`;

exports[`updatePublicPath should set public path when the current script source is http://0.0.0.0:9000?publicPath=%2Flong%2Fdist%2Fpath%2F 1`] = `"http://localhost:9000/long/dist/path/"`;

exports[`updatePublicPath should set public path when the current script source is http://0.0.0.0:9000?publicPath=http%3A%2F%2Fmy.host%3A8888%2Fdist%2F 1`] = `"http://my.host:8888/dist/"`;

exports[`updatePublicPath should set public path when the current script source is http://0.0.0.0:9000?sockHost=my.host 1`] = `"http://localhost:9000/"`;

exports[`updatePublicPath should set public path when the current script source is http://0.0.0.0:9000?sockPath=%2Fpath%2Fto%2Fsockjs-node 1`] = `"http://localhost:9000/"`;

exports[`updatePublicPath should set public path when the current script source is http://0.0.0.0:9000?sockPath=%2Fpath%2Fto%2Fsockjs-node&sockHost=my.host&sockPort=8888 1`] = `"http://localhost:9000/"`;

exports[`updatePublicPath should set public path when the current script source is http://0.0.0.0:9000?sockPath=%2Fpath%2Fto%2Fsockjs-node&sockHost=my.host&sockPort=8888&publicPath=http%3A%2F%2Fmy.host%3A8888%2Fdist%2F 1`] = `"http://my.host:8888/dist/"`;

exports[`updatePublicPath should set public path when the current script source is http://0.0.0.0:9000?sockPort=8888 1`] = `"http://localhost:9000/"`;

exports[`updatePublicPath should set public path when the current script source is http://user:pass@[::]:8080 1`] = `"http://user:pass@localhost:8080/"`;

exports[`updatePublicPath should set public path when the current script source is http://user:pass@[::]:8080?sockPath=%2Fpath%2Fto%2Fsockjs-node&sockHost=my.host&sockPort=8888 1`] = `"http://user:pass@localhost:8080/"`;

exports[`updatePublicPath should set public path when the current script source is http://user:pass@[::]:8080?sockPath=%2Fpath%2Fto%2Fsockjs-node&sockPort=8888 1`] = `"http://user:pass@localhost:8080/"`;

exports[`updatePublicPath should set public path when the current script source is http://user:password@localhost/ 1`] = `"http://user:password@localhost/"`;

exports[`updatePublicPath should set public path when the current script source is https://example.com 1`] = `"https://example.com/"`;

exports[`updatePublicPath should set public path when the current script source is https://example.com/path 1`] = `"https://example.com/"`;

exports[`updatePublicPath should set public path when the current script source is https://example.com/path/foo.js 1`] = `"https://example.com/"`;

exports[`updatePublicPath should set public path when the current script source is https://localhost:123 1`] = `"https://localhost:123/"`;

exports[`updatePublicPath should set public path when the current script source is test 1`] = `"/"`;
