// Jest Snapshot v1, https://goo.gl/fbAQLP

exports[`routes util multi config should handle GET request to directory index and list all middleware directories 1`] = `"<!DOCTYPE html><html><head><meta charset=\\"utf-8\\"/></head><body><ul><li><a href=\\"/bundle1/bar.js\\">bar.js</a></li><li><a href=\\"/bundle1/bar\\">bar</a><li><a href=\\"/bundle1/file.html\\">file.html</a></li><li><a href=\\"/bundle1/foo.js\\">foo.js</a></li><li><a href=\\"/bundle1/foo\\">foo</a></ul><ul><li><a href=\\"/bundle2/bar.js\\">bar.js</a></li><li><a href=\\"/bundle2/bar\\">bar</a><li><a href=\\"/bundle2/file.html\\">file.html</a></li><li><a href=\\"/bundle2/foo.js\\">foo.js</a></li><li><a href=\\"/bundle2/foo\\">foo</a></ul></body></html>"`;

exports[`routes util simple config should handle GET request to directory index 1`] = `"<!DOCTYPE html><html><head><meta charset=\\"utf-8\\"/></head><body><ul><li><a href=\\"main.js\\">main.js</a></li><li><a href=\\"main\\">main</a></ul></body></html>"`;
