// Jest Snapshot v1, https://goo.gl/fbAQLP

exports[`WebsocketServer server should recieve connection, send message, and close client 1`] = `
Array [
  "open",
  "hello world",
  "close",
]
`;
